** Drc report for esp32_robot_carrier_v3.kicad_pcb **
** Created on 2026-08-11T13:17:24 **
** Report includes: Errors, Warnings, Exclusions **

** Found 22 DRC violations **
[solder_mask_bridge]: Rear solder mask aperture bridges items with different nets
    Rule: board setup solder mask min width; error
    @(154.0000 mm, 43.5000 mm): Track [FRONT_TRIG_5V] on B.Cu, length 33.5000 mm
    @(126.0000 mm, 42.0000 mm): PTH pad 1 [+3V3] of J3V3_2
[solder_mask_bridge]: Rear solder mask aperture bridges items with different nets
    Rule: board setup solder mask min width; error
    @(154.0000 mm, 43.5000 mm): Track [FRONT_TRIG_5V] on B.Cu, length 33.5000 mm
    @(122.0000 mm, 42.0000 mm): PTH pad 1 [GND] of JGND3_2
[solder_mask_bridge]: Rear solder mask aperture bridges items with different nets
    Rule: board setup solder mask min width; error
    @(142.8100 mm, 17.8800 mm): Track [+5V] on B.Cu, length 22.3100 mm
    @(135.1900 mm, 17.8800 mm): PTH pad 1 [GND] of U11
[solder_mask_bridge]: Front solder mask aperture bridges items with different nets
    Rule: board setup solder mask min width; error
    @(115.0000 mm, 35.5000 mm): Track [RGB_DATA_5V] on F.Cu, length 69.0000 mm
    @(114.0000 mm, 88.0000 mm): PTH pad 1 [+3V3] of J3V3
[solder_mask_bridge]: Rear solder mask aperture bridges items with different nets
    Rule: board setup solder mask min width; error
    @(135.1900 mm, 30.5800 mm): Track [LEFT_TRIG_5V] on B.Cu, length 9.8100 mm
    @(142.8100 mm, 30.5800 mm): PTH pad 9 [FRONT_TRIG] of U11
[starved_thermal]: Thermal relief connection to zone incomplete (layer B.Cu; zone min spoke count 2; actual 1)
    Local override; error
    @(2.0000 mm, 2.0000 mm): Zone [GND] on B.Cu, priority 1
    @(135.1900 mm, 17.8800 mm): PTH pad 1 [GND] of U11
[hole_clearance]: Hole clearance violation (board setup constraints hole clearance 0.2500 mm; actual 0.0000 mm)
    Rule: board setup constraints hole; error
    @(115.0000 mm, 35.5000 mm): Track [RGB_DATA_5V] on F.Cu, length 69.0000 mm
    @(115.0000 mm, 95.0000 mm): NPTH pad of H4
[shorting_items]: Items shorting two nets (nets RGB_DATA_5V and +3V3)
    Local override; error
    @(115.0000 mm, 35.5000 mm): Track [RGB_DATA_5V] on F.Cu, length 69.0000 mm
    @(114.0000 mm, 88.0000 mm): PTH pad 1 [+3V3] of J3V3
[hole_clearance]: Hole clearance violation (board setup constraints hole clearance 0.2500 mm; actual 0.1750 mm)
    Rule: board setup constraints hole; error
    @(115.0000 mm, 35.5000 mm): Track [RGB_DATA_5V] on F.Cu, length 69.0000 mm
    @(114.0000 mm, 88.0000 mm): PTH pad 1 [+3V3] of J3V3
[shorting_items]: Items shorting two nets (nets FRONT_TRIG_5V and GND)
    Local override; error
    @(154.0000 mm, 43.5000 mm): Track [FRONT_TRIG_5V] on B.Cu, length 33.5000 mm
    @(122.0000 mm, 42.0000 mm): PTH pad 1 [GND] of JGND3_2
[shorting_items]: Items shorting two nets (nets +3V3 and FRONT_TRIG_5V)
    Local override; error
    @(126.0000 mm, 42.0000 mm): PTH pad 1 [+3V3] of J3V3_2
    @(154.0000 mm, 43.5000 mm): Track [FRONT_TRIG_5V] on B.Cu, length 33.5000 mm
[clearance]: Clearance violation ( clearance 0.2000 mm; actual 0.0713 mm)
    Local override; error
    @(120.5000 mm, 43.5000 mm): Via [FRONT_TRIG_5V] on F.Cu - B.Cu
    @(122.0000 mm, 42.0000 mm): PTH pad 1 [GND] of JGND3_2
[tracks_crossing]: Tracks crossing
    Local override; error
    @(142.8100 mm, 25.5000 mm): Track [RIGHT_TRIG_5V] on B.Cu, length 12.1900 mm
    @(145.0000 mm, 30.5800 mm): Track [LEFT_TRIG_5V] on B.Cu, length 18.5800 mm
[clearance]: Clearance violation ( clearance 0.2000 mm; actual 0.0713 mm)
    Local override; error
    @(120.5000 mm, 43.5000 mm): Via [FRONT_TRIG_5V] on F.Cu - B.Cu
    @(122.0000 mm, 42.0000 mm): PTH pad 1 [GND] of JGND3_2
[shorting_items]: Items shorting two nets (nets LEFT_TRIG_5V and FRONT_TRIG)
    Local override; error
    @(135.1900 mm, 30.5800 mm): Track [LEFT_TRIG_5V] on B.Cu, length 9.8100 mm
    @(142.8100 mm, 30.5800 mm): PTH pad 9 [FRONT_TRIG] of U11
[hole_clearance]: Hole clearance violation (board setup constraints hole clearance 0.2500 mm; actual 0.0000 mm)
    Rule: board setup constraints hole; error
    @(135.1900 mm, 30.5800 mm): Track [LEFT_TRIG_5V] on B.Cu, length 9.8100 mm
    @(142.8100 mm, 30.5800 mm): PTH pad 9 [FRONT_TRIG] of U11
[tracks_crossing]: Tracks crossing
    Local override; error
    @(88.0000 mm, 118.0000 mm): Track [RGB_DATA_5V] on B.Cu, length 12.5000 mm
    @(59.6200 mm, 115.0000 mm): Track [VIN_PROTECTED] on B.Cu, length 29.2800 mm
[shorting_items]: Items shorting two nets (nets +5V and GND)
    Local override; error
    @(142.8100 mm, 17.8800 mm): Track [+5V] on B.Cu, length 22.3100 mm
    @(135.1900 mm, 17.8800 mm): PTH pad 1 [GND] of U11
[hole_clearance]: Hole clearance violation (board setup constraints hole clearance 0.2500 mm; actual 0.0000 mm)
    Rule: board setup constraints hole; error
    @(142.8100 mm, 17.8800 mm): Track [+5V] on B.Cu, length 22.3100 mm
    @(135.1900 mm, 17.8800 mm): PTH pad 1 [GND] of U11
[tracks_crossing]: Tracks crossing
    Local override; error
    @(120.5000 mm, 17.8800 mm): Track [+5V] on F.Cu, length 5.0000 mm
    @(120.0000 mm, 20.4200 mm): Track [AUX_GPIO2] on F.Cu, length 4.8514 mm
[tracks_crossing]: Tracks crossing
    Local override; error
    @(115.0000 mm, 35.5000 mm): Track [RGB_DATA_5V] on F.Cu, length 69.0000 mm
    @(116.0000 mm, 88.0000 mm): Track [+3V3] on F.Cu, length 2.0000 mm
[via_dangling]: Via is not connected or connected on only one layer
    Local override; warning
    @(106.0000 mm, 17.8800 mm): Via [+5V] on F.Cu - B.Cu

** Found 0 unconnected pads **

** Found 0 Footprint errors **

** Ignored checks **
    - Footprint has no courtyard defined
    - Track endpoint not centered on via
    - Tuning profile track geometries
    - Footprint doesn't match symbol's footprint filters
    - Footprint component type doesn't match footprint pads

** End of Report **
